// Vitest Snapshot v1, https://vitest.dev/guide/snapshot.html

exports[`Home page content > snapshot > matches snapshot 1`] = `
<div>
  <div>
    <header
      class="_header_523845"
    >
      <img
        alt="The e-Mart Logo"
        class="_logo_523845 _headerItem_523845"
        src="/src/assets/eMartLogo.webp"
      />
      <h1
        class="_titleName_523845 _headerItem_523845"
      >
        The e-Mart!
      </h1>
      <a
        class="_links_523845 _headerItem_523845"
        href="/"
      >
        Home
      </a>
      <a
        class="_links_523845 _headerItem_523845"
        href="/shop"
      >
        Shop
      </a>
      <p
        class="_itemCount_523845 _headerItem_523845"
        data-testid="num-of-items"
      >
        0
      </p>
      <a
        class="_links_523845 _headerItem_523845"
        data-testid="cart-link"
        href="/cart"
      >
        <img
          alt="Cart"
          class="_icon_523845 _headerItem_523845"
          src="/src/assets/cart.svg"
        />
      </a>
    </header>
    <main>
      <div>
        <h1>
          The Catalog With Drip No Cap (Ong frfr)
        </h1>
        <p>
          The e-Mart contains some of the most 'swag' pieces you could ever hope to find. But we are not just about the drip, our catalog also has a wide selection of the 'useless junk/gag gift' items those Temu shoppers seem to love. This isn't your regular dropshipping site, its worse.
        </p>
        <a
          href="/shop"
        >
          Browse the Goodies
        </a>
      </div>
      <img
        alt=""
        src="/src/assets/ShoppingImg.jpg"
      />
    </main>
  </div>
</div>
`;
